// Jest Snapshot v1, https://goo.gl/fbAQLP

exports[`Page: /:space/events/:id/edit | Events Edit Page renders properly 1`] = `
<div>
  <form class="">
    <div class="header pb-6">
      <div class="container-fluid">
        <div class="header-body">
          <div class="d-flex justify-content-between align-items-center py-4">
            <h1 class="page-title"><span>Event</span> <b>â€¢</b> Update</h1>
            <div><button type="submit" class="btn btn btn-primary text-white btn-secondary">Update Event</button> <button type="button" class="btn text-danger btn-transparent"><i class="fa fa-angle-left"></i> Cancel Update</button></div>
          </div>
        </div>
      </div>
    </div>
    <div class="container-fluid mt--6">
      <div class="card-deck flex-column flex-xl-row">
        <div class="card">
          <!---->
          <div class="card-body">
            <h3 class="mr-b-20">Event Details</h3>
            <div class="row">
              <div class="col-md-6">
                <div class="row pd-r-20">
                  <div class="form-group col-md-6"><label class="form-control-label">
                      Event Title
                    </label>
                    <div class="input-group has-label">
                      <!----> <input type="text" valid="true" required="required" id="title" placeholder="Awesome Co" class="form-control">
                      <!---->
                      <!---->
                      <!---->
                    </div>
                  </div>
                  <div class="form-group col-md-6"><label class="form-control-label">
                      Capacity
                    </label>
                    <div class="input-group has-label">
                      <!----> <input type="number" valid="true" required="required" id="capacity" placeholder="0" class="form-control">
                      <!---->
                      <!---->
                      <!---->
                    </div>
                  </div>
                  <div class="form-group col-md-12"><label>Event Description</label>
                    <div id="description" placeholder="Add details about the event">
                      <client-only-stub>
                        <div value="A CONVERSATION AND GUIDED ART GALLERY TOUR WITH HUMANITARIAN PHOTOGRAPHER LISA KRISTINE. Join us for a SHACK15 Conversation with Lisa Kristine, an internationally acclaimed humanitarian photographer and social entrepreneur who has documented indigenous peoples and social causes in more than 150 countries across six continents." style="box-sizing: border-box; height: 300px;">
                          <div class="tui-editor-defaultUI">
                            <div class="te-toolbar-section">
                              <div class="te-markdown-tab-section" style="display: none;">
                                <div class="te-tab"><button type="button" data-index="0" class="te-tab-active">Write</button><button type="button" data-index="1">Preview</button></div>
                              </div>
                              <div class="tui-editor-defaultUI-toolbar"><button class="tui-heading tui-toolbar-icons" type="button"></button><button class="tui-bold tui-toolbar-icons" type="button"></button><button class="tui-strike tui-toolbar-icons" type="button"></button>
                                <div class="tui-toolbar-divider"></div><button class="tui-hrline tui-toolbar-icons" type="button"></button><button class="tui-quote tui-toolbar-icons" type="button"></button>
                                <div class="tui-toolbar-divider"></div><button class="tui-ul tui-toolbar-icons" type="button"></button><button class="tui-ol tui-toolbar-icons" type="button"></button><button class="tui-task tui-toolbar-icons" type="button"></button><button class="tui-indent tui-toolbar-icons" type="button"></button><button class="tui-outdent tui-toolbar-icons" type="button"></button>
                                <div class="tui-toolbar-divider"></div><button class="tui-table tui-toolbar-icons" type="button"></button><button class="tui-image tui-toolbar-icons" type="button"></button><button class="tui-link tui-toolbar-icons" type="button"></button>
                                <div class="tui-toolbar-divider"></div><button class="tui-code tui-toolbar-icons" type="button"></button><button class="tui-codeblock tui-toolbar-icons" type="button"></button>
                                <div class="tui-toolbar-divider" style="display: none;"></div><button class="tui-scrollsync active" type="button" style="display: none;"></button>
                                <div class="tui-popup-wrapper te-dropdown-toolbar" style="display: none;">
                                  <div class="tui-popup-body">
                                    <div class="tui-editor-defaultUI-toolbar"></div>
                                  </div>
                                </div>
                                <div class="tui-popup-wrapper te-popup-add-table" style="display: none; position: absolute; width: 181px;">
                                  <div class="tui-popup-body">
                                    <div class="te-table-selection">
                                      <div class="te-table-header" style="height: 17px; width: 151px;"></div>
                                      <div class="te-table-body" style="height: 120px; width: 151px;"></div>
                                      <div class="te-selection-area"></div>
                                    </div>
                                    <p class="te-description"></p>
                                  </div>
                                </div>
                                <div class="tui-popup-wrapper te-heading-add" style="display: none; position: absolute;">
                                  <div class="tui-popup-body">
                                    <ul>
                                      <li data-value="1" data-type="Heading">
                                        <h1>Heading 1</h1>
                                      </li>
                                      <li data-value="2" data-type="Heading">
                                        <h2>Heading 2</h2>
                                      </li>
                                      <li data-value="3" data-type="Heading">
                                        <h3>Heading 3</h3>
                                      </li>
                                      <li data-value="4" data-type="Heading">
                                        <h4>Heading 4</h4>
                                      </li>
                                      <li data-value="5" data-type="Heading">
                                        <h5>Heading 5</h5>
                                      </li>
                                      <li data-value="6" data-type="Heading">
                                        <h6>Heading 6</h6>
                                      </li>
                                      <li data-type="Paragraph">
                                        <div>Paragraph</div>
                                      </li>
                                    </ul>
                                  </div>
                                </div>
                              </div>
                            </div>
                            <div class="te-editor-section">
                              <div class="tui-editor te-ww-mode">
                                <div class="te-md-container te-preview-style-tab">
                                  <div class="te-editor te-tab-active"><textarea style="display: none;"></textarea>
                                    <div class="CodeMirror cm-s-default CodeMirror-wrap" style="min-height: 300px;">
                                      <div style="overflow: hidden; position: relative; width: 3px; height: 0px;"><textarea style="position: absolute; bottom: -1em; padding: 0px; width: 1000px; height: 1em; outline: none;" autocorrect="off" autocapitalize="off" spellcheck="false" tabindex="0"></textarea></div>
                                      <div class="CodeMirror-vscrollbar" tabindex="-1" cm-not-content="true">
                                        <div style="min-width: 1px;"></div>
                                      </div>
                                      <div class="CodeMirror-hscrollbar" tabindex="-1" cm-not-content="true">
                                        <div style="height: 100%; min-height: 1px;"></div>
                                      </div>
                                      <div class="CodeMirror-scrollbar-filler" cm-not-content="true"></div>
                                      <div class="CodeMirror-gutter-filler" cm-not-content="true"></div>
                                      <div class="CodeMirror-scroll" tabindex="-1">
                                        <div class="CodeMirror-sizer" style="margin-left: 0px;">
                                          <div style="position: relative;">
                                            <div class="CodeMirror-lines" role="presentation">
                                              <div style="position: relative; outline: none;" role="presentation">
                                                <div class="CodeMirror-measure"><pre class="CodeMirror-line-like"><span>xxxxxxxxxx</span></pre>
                                                </div>
                                                <div class="CodeMirror-measure"></div>
                                                <div style="position: relative; z-index: 1;"></div>
                                                <div class="CodeMirror-cursors"></div>
                                                <div class="CodeMirror-code" role="presentation"></div>
                                              </div>
                                            </div>
                                          </div>
                                        </div>
                                        <div style="position: absolute; height: 50px; width: 1px;"></div>
                                        <div class="CodeMirror-gutters" style="display: none;"></div>
                                      </div>
                                    </div>
                                  </div>
                                  <div class="te-md-splitter"></div>
                                  <div class="te-preview" style="min-height: 300px;">
                                    <div class="tui-editor-contents"></div>
                                  </div>
                                </div>
                                <div class="te-ww-container">
                                  <div class="te-editor" style="position: relative;">
                                    <div contenteditable="true" class="tui-editor-contents tui-editor-contents-placeholder" style="min-height: 300px;">
                                      <div><br></div>
                                    </div>
                                    <div class="te-ww-block-overlay code-block-header" style="position: absolute; display: none; z-index: 1;"><span>text</span><button type="button">Editor</button></div>
                                  </div>
                                </div>
                              </div>
                            </div>
                            <div class="te-mode-switch-section" style="display: none;">
                              <div class="te-mode-switch"><button class="te-switch-button markdown" type="button">Markdown</button><button class="te-switch-button wysiwyg active" type="button">WYSIWYG</button></div>
                            </div>
                            <div class="tui-popup-wrapper te-popup-add-link tui-editor-popup" style="display: none;">
                              <div class="tui-popup-header">
                                <span class="tui-popup-title">Insert link</span>
                                <div class="tui-popup-header-buttons">
                                  <button type="button" class="tui-popup-close-button"></button>
                                </div>
                              </div>
                              <div class="tui-popup-body">
                                <label for="url">URL</label>
                                <input type="text" class="te-url-input">
                                <label for="linkText">Link text</label>
                                <input type="text" class="te-link-text-input">
                                <div class="te-button-section">
                                  <button type="button" class="te-ok-button">OK</button>
                                  <button type="button" class="te-close-button">Cancel</button>
                                </div>
                              </div>
                            </div>
                            <div class="tui-popup-wrapper te-popup-add-image tui-editor-popup" style="display: none;">
                              <div class="tui-popup-header">
                                <span class="tui-popup-title">Insert image</span>
                                <div class="tui-popup-header-buttons">
                                  <button type="button" class="tui-popup-close-button"></button>
                                </div>
                              </div>
                              <div class="tui-popup-body">
                                <div class="te-tab-section">
                                  <div class="te-tab"><button type="button" data-index="0" class="te-tab-active">File</button><button type="button" data-index="1">URL</button></div>
                                </div>
                                <div class="te-url-type">
                                  <label for="">Image URL</label>
                                  <input type="text" class="te-image-url-input">
                                </div>
                                <div class="te-file-type te-tab-active">
                                  <label for="">Select image file</label>
                                  <input type="file" class="te-image-file-input" accept="image/*">
                                </div>
                                <label for="url">Description</label>
                                <input type="text" class="te-alt-text-input">
                                <div class="te-button-section">
                                  <button type="button" class="te-ok-button">OK</button>
                                  <button type="button" class="te-close-button">Cancel</button>
                                </div>
                              </div>
                            </div>
                            <div class="tui-popup-wrapper te-popup-table-utils" style="display: none;">
                              <div class="tui-popup-body">
                                <button type="button" class="te-table-add-row">Add row</button>
                                <button type="button" class="te-table-add-col">Add col</button>
                                <button type="button" class="te-table-remove-row">Remove row</button>
                                <button type="button" class="te-table-remove-col">Remove col</button>
                                <hr>
                                <button type="button" class="te-table-col-align-left">Align left</button>
                                <button type="button" class="te-table-col-align-center">Align center</button>
                                <button type="button" class="te-table-col-align-right">Align right</button>
                                <hr>
                                <button type="button" class="te-table-remove">Remove table</button>
                              </div>
                            </div>
                            <div class="tui-popup-wrapper te-popup-code-block-languages" style="display: none; z-index: 10000;">
                              <div class="tui-popup-body"></div>
                            </div>
                            <div class="tui-popup-modal-background tui-popup-code-block-editor" style="display: none;">
                              <div class="tui-popup-wrapper">
                                <div class="tui-popup-header">
                                  <span class="tui-popup-title">CodeBlock Editor<span class="te-input-language" style="display: none;"><input type="text" maxlength="20" placeholder="Choose language"></span></span>
                                  <div class="tui-popup-header-buttons">
                                    <button type="button" class="popup-editor-toggle-scroll active" style="display: inline-block;"></button>
                                    <button type="button" class="popup-editor-toggle-preview active"></button>
                                    <button type="button" class="popup-editor-toggle-fit"></button>
                                    <button type="button" class="tui-popup-close-button"></button>
                                  </div>
                                </div>
                                <div class="tui-popup-body">
                                  <div class="popup-editor-body">
                                    <div class="tui-split-scroll scroll-sync">
                                      <div class="tui-split-scroll-wrapper">
                                        <div class="tui-split-scroll-content">
                                          <div class="popup-editor-editor-wrapper tui-split-content-left"><textarea style="display: none;"></textarea>
                                            <div class="CodeMirror cm-s-default CodeMirror-wrap">
                                              <div style="overflow: hidden; position: relative; width: 3px; height: 0px;"><textarea style="position: absolute; bottom: -1em; padding: 0px; width: 1000px; height: 1em; outline: none;" autocorrect="off" autocapitalize="off" spellcheck="false" tabindex="0"></textarea></div>
                                              <div class="CodeMirror-vscrollbar" tabindex="-1" cm-not-content="true">
                                                <div style="min-width: 1px;"></div>
                                              </div>
                                              <div class="CodeMirror-hscrollbar" tabindex="-1" cm-not-content="true">
                                                <div style="height: 100%; min-height: 1px;"></div>
                                              </div>
                                              <div class="CodeMirror-scrollbar-filler" cm-not-content="true"></div>
                                              <div class="CodeMirror-gutter-filler" cm-not-content="true"></div>
                                              <div class="CodeMirror-scroll" tabindex="-1">
                                                <div class="CodeMirror-sizer" style="margin-left: 0px;">
                                                  <div style="position: relative;">
                                                    <div class="CodeMirror-lines" role="presentation">
                                                      <div style="position: relative; outline: none;" role="presentation">
                                                        <div class="CodeMirror-measure"><pre class="CodeMirror-line-like"><span>xxxxxxxxxx</span></pre>
                                                        </div>
                                                        <div class="CodeMirror-measure"></div>
                                                        <div style="position: relative; z-index: 1;"></div>
                                                        <div class="CodeMirror-cursors"></div>
                                                        <div class="CodeMirror-code" role="presentation"></div>
                                                      </div>
                                                    </div>
                                                  </div>
                                                </div>
                                                <div style="position: absolute; height: 50px; width: 1px;"></div>
                                                <div class="CodeMirror-gutters" style="display: none;"></div>
                                              </div>
                                            </div>
                                          </div>
                                          <div class="tui-split-content-right" style="top: 0px;">
                                            <div class="tui-editor-contents"></div>
                                          </div>
                                        </div>
                                        <div class="tui-splitter"></div>
                                      </div>
                                    </div>
                                  </div>
                                  <div class="te-button-section">
                                    <button type="button" class="te-ok-button">OK</button>
                                    <button type="button" class="te-close-button">Cancel</button>
                                  </div>
                                </div>
                              </div>
                            </div>
                          </div>
                        </div>
                      </client-only-stub>
                    </div>
                  </div>
                  <fieldset class="form-group col-md-6" id="__BVID__14">
                    <legend tabindex="-1" class="bv-no-focus-ring col-form-label pt-0" id="__BVID__14__BV_label_">Start Date</legend>
                    <div tabindex="-1" role="group" class="bv-no-focus-ring">
                      <client-only-stub>
                        <date-picker-stub id="startTime" width="100%" input-class="form-control" lang="en" format="YYYY-MM-DD HH:mm:ss" value-type="format" confirm="" type="datetime" placeholder="Start Date" value="2020-06-30 14:00:00"></date-picker-stub>
                      </client-only-stub>
                      <!---->
                      <!---->
                      <!---->
                    </div>
                  </fieldset>
                  <fieldset class="form-group col-md-6" id="__BVID__17">
                    <legend tabindex="-1" class="bv-no-focus-ring col-form-label pt-0" id="__BVID__17__BV_label_">End Date</legend>
                    <div tabindex="-1" role="group" class="bv-no-focus-ring">
                      <client-only-stub>
                        <date-picker-stub id="endTime" width="100%" input-class="form-control" lang="en" format="YYYY-MM-DD HH:mm:ss" value-type="format" confirm="" type="datetime" placeholder="End Date" value="2020-06-30 15:00:00"></date-picker-stub>
                      </client-only-stub>
                      <!---->
                      <!---->
                      <!---->
                    </div>
                  </fieldset>
                  <div class="form-group col-md-6"><label class="form-control-label">
                      Price
                    </label>
                    <div class="input-group has-label">
                      <!----> <input type="number" valid="true" required="required" id="price" step="0.01" placeholder="0.00" class="form-control">
                      <!---->
                      <!---->
                      <!---->
                    </div>
                  </div>
                  <div class="form-group col-md-6"><label class="form-control-label">
                      Max Ticket Per Person
                    </label>
                    <div class="input-group has-label">
                      <!----> <input type="number" valid="true" required="required" id="maxTicketPerPerson" placeholder="3" class="form-control">
                      <!---->
                      <!---->
                      <!---->
                    </div>
                  </div>
                </div>
              </div>
              <div class="col-md-6">
                <div class="row pd-l-20">
                  <div class="form-group col-md-12"><label>Event Category:</label>
                    <div class="el-select">
                      <!---->
                      <div class="el-input el-input--suffix">
                        <!----><input type="text" readonly="readonly" autocomplete="off" placeholder="Select Category" class="el-input__inner">
                        <!----><span class="el-input__suffix"><span class="el-input__suffix-inner"><i class="el-select__caret el-input__icon el-icon-arrow-up"></i><!----><!----><!----><!----><!----></span>
                        <!----></span>
                        <!---->
                        <!---->
                      </div>
                      <div class="el-select-dropdown el-popper" style="display: none;">
                        <div class="el-scrollbar" style="">
                          <div class="el-select-dropdown__wrap el-scrollbar__wrap el-scrollbar__wrap--hidden-default">
                            <ul class="el-scrollbar__view el-select-dropdown__list">
                              <!---->
                              <li class="el-select-dropdown__item selected"><span>talks</span></li>
                              <li class="el-select-dropdown__item"><span>meetups</span></li>
                            </ul>
                          </div>
                          <div class="el-scrollbar__bar is-horizontal">
                            <div class="el-scrollbar__thumb" style="transform: translateX(0%); webkit-transform: translateX(0%);"></div>
                          </div>
                          <div class="el-scrollbar__bar is-vertical">
                            <div class="el-scrollbar__thumb" style="transform: translateY(0%); webkit-transform: translateY(0%);"></div>
                          </div>
                        </div>
                        <!---->
                      </div>
                    </div>
                  </div>
                  <div class="form-group col-md-12">
                    <div class="custom-control custom-checkbox"><input id="external-1" type="checkbox" name="external-1" autocomplete="off" class="custom-control-input" value="true"><label for="external-1" class="custom-control-label">
                        Host at an external location
                      </label></div> <input type="text" placeholder="External Location" required="required" aria-required="true" class="form-control" id="__BVID__32">
                  </div>
                  <!---->
                  <div class="form-group col-md-12">
                    <div class="custom-control custom-checkbox"><input id="sendEmailCheckbox" type="checkbox" autocomplete="off" class="custom-control-input" value="true"><label for="sendEmailCheckbox" class="custom-control-label">Send email to attendees</label></div>
                  </div>
                  <!---->
                </div>
              </div>
            </div>
            <div>
              <div id="preview" class="mr-b-20"><img src="https://d3mym26vamg9ol.cloudfront.net/event/1593010166_d2b06fae-7f1c-43fc-b9d3-1f7ec9493beb.png"></div>
              <div class="bg-lgray pd-10 pd-l-20 upload-btn-wrapper pd-0"><button class="btn"><i class="fa fa-paperclip mr-r-10"></i> Upload Event Image (&lt;500KB &amp; size 1125x582)</button> <input name="eventbanner" type="file" accept="image/*"></div>
            </div>
            <div value="https://d3mym26vamg9ol.cloudfront.net/event/1593010170_53b0a7de-b4b5-4018-82cb-4468088d4001.png">
              <div id="preview" class="mr-b-20"><img src="https://d3mym26vamg9ol.cloudfront.net/event/1593010170_53b0a7de-b4b5-4018-82cb-4468088d4001.png"></div>
              <div class="bg-lgray pd-10 pd-l-20 upload-btn-wrapper pd-0"><button class="btn"><i class="fa fa-paperclip mr-r-10"></i> Upload Event Banner (&lt;500KB &amp; size 1125x582)</button> <input name="eventbanner" type="file" accept="image/*"></div>
            </div>
            <div value="https://d3mym26vamg9ol.cloudfront.net/event/1593010176_d743ff8d-28c1-4636-8d6d-f2a8140599a2.png">
              <div id="preview" class="mr-b-20"><img src="https://d3mym26vamg9ol.cloudfront.net/event/1593010176_d743ff8d-28c1-4636-8d6d-f2a8140599a2.png"></div>
              <div class="bg-lgray pd-10 pd-l-20 upload-btn-wrapper pd-0"><button class="btn"><i class="fa fa-paperclip mr-r-10"></i> Upload Host Logo (&lt;500KB &amp; size 500x500)</button> <input name="hostlogo" type="file" accept="image/*"></div>
            </div>
          </div>
          <!---->
          <!---->
        </div>
      </div>
    </div>
  </form>
</div>
`;
