// Jest Snapshot v1, https://goo.gl/fbAQLP

exports[`Page: /:space/resources/ | Resources Index Page renders properly 1`] = `
<div>
  <div class="header pb-6">
    <div class="container-fluid">
      <div class="header-body">
        <div class="d-flex justify-content-between py-4">
          <h1 class="page-title"><span>Resources</span> <b style="display: none;">â€¢</b> </h1>
          <nuxtlink-stub to="[object Object]" class="btn btn-primary">Add Resource</nuxtlink-stub>
        </div>
      </div>
    </div>
  </div>
  <div class="container-fluid mt--6">
    <div class="row equal">
      <div class="col-md-4">
        <div class="card sh-book-res">
          <!---->
          <div class="card-body">
            <div class="m-n25 img-wrap"><img src="https://d3mym26vamg9ol.cloudfront.net/resources/1572951811_5548b730-0d96-4897-92d8-90323785ef0a.jpeg" alt="" class="img-fluid"> <span class="badge badge-default">conference</span></div>
            <div class="mr-t-50">
              <div class="d-flex justify-content-between mr-b-20">
                <h3>Conference Room 1</h3>
                <h3 class="text-muted">20 USD/hr</h3>
              </div>
              <p class="text-muted">Some description of the room</p>
            </div>
            <div class="mr-t-30">
              <p><u>Resource Availability</u></p>
              <p>
                Monday - Saturday
                06:00 AM -
                05:00 AM</p>
            </div>
          </div>
          <!---->
          <div class="card-footer">
            <div>
              <div class="d-flex justify-content-between">
                <nuxtlink-stub to="[object Object]" class="edit-link"><i class="ti-pencil"></i> Edit Resource
                </nuxtlink-stub> <a class="text-danger"><i class="ti-trash"></i> Delete Resource</a>
              </div>
            </div>
          </div>
        </div>
      </div>
      <div class="col-md-4">
        <div class="card sh-book-res">
          <!---->
          <div class="card-body">
            <div class="m-n25 img-wrap"><img src="https://www.hourlyspaces.com/images/Friendspg_Banner.jpg" alt="" class="img-fluid"> <span class="badge badge-default">conference</span></div>
            <div class="mr-t-50">
              <div class="d-flex justify-content-between mr-b-20">
                <h3>Conference Rooms</h3>
                <h3 class="text-muted">10 USD/hr</h3>
              </div>
              <p class="text-muted">The conference room is a spacious and light filled room perfect for small to medium sized conferences. This has seats for 30 guests include wireless projection and is fully airconditioned.</p>
            </div>
            <div class="mr-t-30">
              <p><u>Resource Availability</u></p>
              <p>
                Monday - Saturday
                12:00 AM -
                11:00 PM</p>
            </div>
          </div>
          <!---->
          <div class="card-footer">
            <div>
              <div class="d-flex justify-content-between">
                <nuxtlink-stub to="[object Object]" class="edit-link"><i class="ti-pencil"></i> Edit Resource
                </nuxtlink-stub> <a class="text-danger"><i class="ti-trash"></i> Delete Resource</a>
              </div>
            </div>
          </div>
        </div>
      </div>
    </div>
  </div>
  <div>
    <ul class="pagination justify-content-center">
      <li class="page-item prev-page disabled"><a aria-label="Previous" class="page-link"><span aria-hidden="true"><i aria-hidden="true" class="fa fa-angle-left"></i></span></a></li>
      <li class="page-item active"><a class="page-link">1</a></li>
      <li class="page-item"><a class="page-link">2</a></li>
      <li class="page-item next-page"><a aria-label="Next" class="page-link"><span aria-hidden="true"><i aria-hidden="true" class="fa fa-angle-right"></i></span></a></li>
    </ul>
  </div>
</div>
`;
