// Jest Snapshot v1, https://goo.gl/fbAQLP

exports[`Page: /:space/plans/ | Plans Index Page renders properly 1`] = `
<div>
  <form class="">
    <div class="header pb-6">
      <div class="container-fluid">
        <div class="header-body">
          <div class="d-flex justify-content-between align-items-center py-4">
            <h1 class="page-title"><span>Setup Plan</span> <b style="display: none;">â€¢</b> </h1> <button type="submit" class="btn btn btn-primary text-white btn-secondary">Add Plan</button>
          </div>
        </div>
      </div>
    </div>
    <div class="container-fluid mt--6">
      <div class="card-deck flex-column flex-xl-row">
        <div class="card">
          <!---->
          <div class="card-body">
            <h3 class="mr-b-20">Add New Plan</h3>
            <div class="row">
              <div class="col-md-6">
                <div class="row pd-r-20">
                  <div class="form-group col-md-12"><label class="form-control-label">
                      Name of Plan
                    </label>
                    <div class="input-group has-label">
                      <!----> <input type="text" valid="true" required="required" id="name" placeholder="Entrepreneur" class="form-control">
                      <!---->
                      <!---->
                      <!---->
                    </div>
                  </div>
                  <fieldset class="form-group col-md-12" id="__BVID__10" aria-describedby="__BVID__10__BV_description_">
                    <legend tabindex="-1" class="col-form-label pt-0" id="__BVID__10__BV_label_">Plan Description</legend>
                    <div tabindex="-1" role="group"><input id="description" type="text" placeholder="Add details about the plan" required="required" aria-required="true" class="form-control" maxlength="22">
                      <!---->
                      <!----><small tabindex="-1" class="form-text text-muted" id="__BVID__10__BV_description_">Description should not exceed 22 characters</small></div>
                  </fieldset>
                  <fieldset class="form-group col-md-6" id="__BVID__12">
                    <legend tabindex="-1" class="col-form-label pt-0" id="__BVID__12__BV_label_">Price per cycle</legend>
                    <div tabindex="-1" role="group"><input id="price_per_cycle" type="number" placeholder="0.00" required="required" aria-required="true" class="form-control">
                      <!---->
                      <!---->
                      <!---->
                    </div>
                  </fieldset>
                  <fieldset class="form-group col-md-6" id="__BVID__14" aria-describedby="__BVID__14__BV_description_">
                    <legend tabindex="-1" class="col-form-label pt-0" id="__BVID__14__BV_label_">Charge Cycle</legend>
                    <div tabindex="-1" role="group"><input id="cycle_duration" type="number" required="required" aria-required="true" class="form-control" label="Charge Cycle">
                      <!---->
                      <!----><small tabindex="-1" class="form-text text-muted" id="__BVID__14__BV_description_">Charge cycle denotes the number of months before charging</small></div>
                  </fieldset>
                </div>
              </div>
              <div class="col-md-6">
                <div class="row pd-l-20">
                  <div class="row">
                    <div class="form-group col-md-12"><label for="planvisibility" class="form-control-label">Plan Visibility</label>
                      <div class="row">
                        <div class="col-md-10">
                          <div class="custom-control custom-checkbox"><input id="planVisibility" type="checkbox" name="planVisibility" autocomplete="off" class="custom-control-input" value="false"><label for="planVisibility" class="custom-control-label">Public</label></div>
                          <p class="text-left mt-2">Will be displayed on Apply change and all applicants can see this plan.</p>
                        </div>
                      </div>
                    </div>
                  </div>
                </div>
              </div>
            </div>
          </div>
          <!---->
          <!---->
        </div>
      </div> <button type="button" class="btn text-primary mb-2 btn-transparent"><i class="ti-angle-left"></i> Back</button>
    </div>
  </form>
</div>
`;
