// Jest Snapshot v1, https://goo.gl/fbAQLP

exports[`Page: /:space/directory/ | Directory Index Page renders properly 1`] = `
<div>
  <div class="header pb-6">
    <div class="container-fluid">
      <div class="header-body">
        <div class="d-flex justify-content-between align-items-center py-4">
          <h1 class="page-title"><span>Community Directory</span> <b>â€¢</b> 1 Profiles</h1>
          <div class="el-select">
            <!---->
            <div class="el-input el-input--suffix">
              <!----><input type="text" readonly="readonly" autocomplete="off" placeholder="Filter by..." class="el-input__inner">
              <!----><span class="el-input__suffix"><span class="el-input__suffix-inner"><i class="el-select__caret el-input__icon el-icon-arrow-up"></i><!----><!----><!----><!----><!----></span>
              <!----></span>
              <!---->
              <!---->
            </div>
            <div class="el-select-dropdown el-popper" style="display: none;">
              <div class="el-scrollbar" style="">
                <div class="el-select-dropdown__wrap el-scrollbar__wrap el-scrollbar__wrap--hidden-default">
                  <ul class="el-scrollbar__view el-select-dropdown__list">
                    <!---->
                    <li class="el-select-dropdown__item selected"><span>All</span></li>
                    <li class="el-select-dropdown__item"><span>Founding Member</span></li>
                    <li class="el-select-dropdown__item"><span>Fast Track</span></li>
                    <li class="el-select-dropdown__item"><span>Early Invite</span></li>
                    <li class="el-select-dropdown__item"><span>General Member</span></li>
                  </ul>
                </div>
                <div class="el-scrollbar__bar is-horizontal">
                  <div class="el-scrollbar__thumb" style="transform: translateX(0%); webkit-transform: translateX(0%);"></div>
                </div>
                <div class="el-scrollbar__bar is-vertical">
                  <div class="el-scrollbar__thumb" style="transform: translateY(0%); webkit-transform: translateY(0%);"></div>
                </div>
              </div>
              <!---->
            </div>
          </div>
          <form class="">
            <div class="form-group mb-0">
              <!---->
              <div class="input-group input-group-merge sh-search">
                <div class="input-group-prepend"><span class="input-group-text"><i class="fa fa-search"></i></span></div> <input required="required" type="text" placeholder="Looking for ..." aria-describedby="button-addon2" class="form-control">
                <div class="input-group-append"><button id="button-addon2" type="submit" class="btn btn-default"><span> Search</span></button></div>
                <!---->
                <!---->
                <!---->
              </div>
            </div>
          </form>
        </div>
      </div>
    </div>
  </div>
  <div class="container-fluid mt--6">
    <div class="row equal">
      <div class="col-md-3 sh-thumb">
        <div class="card">
          <!---->
          <div class="card-body"><span class="label label-default"><i class="fa fa-star"></i> Founding Member
      </span>
            <div class="d-flex mr-tb-10"><img src="https://d3mym26vamg9ol.cloudfront.net/profile/1572967236_44ab6978-e4fd-4985-8ec1-0bbfc2a0f2f9." class="mr-r-10 rounded-circle avatar">
              <div>
                <h3>
                  <nuxt-link-stub to="[object Object]">Ashwin Ravichandran</nuxt-link-stub>
                </h3>
                MEST
              </div>
            </div>
          </div>
          <!---->
          <!---->
        </div>
      </div>
      <div class="col-md-3 sh-thumb">
        <div class="card">
          <!---->
          <div class="card-body"><span class="label label-default"><i class="fa fa-star"></i> Founding Member
      </span>
            <div class="d-flex mr-tb-10"><img src="/img/placeholder.jpg" class="mr-r-10 rounded-circle avatar">
              <div>
                <h3>
                  <nuxt-link-stub to="[object Object]">Bubu Nyavor</nuxt-link-stub>
                </h3>
                Acme Co
              </div>
            </div>
          </div>
          <!---->
          <!---->
        </div>
      </div>
    </div>
    <div class="row">
      <div class="col"></div>
    </div>
  </div>
  <div>
    <ul class="pagination justify-content-center">
      <li class="page-item prev-page disabled"><a aria-label="Previous" class="page-link"><span aria-hidden="true"><i aria-hidden="true" class="fa fa-angle-left"></i></span></a></li>
      <li class="page-item active"><a class="page-link">1</a></li>
      <li class="page-item next-page disabled"><a aria-label="Next" class="page-link"><span aria-hidden="true"><i aria-hidden="true" class="fa fa-angle-right"></i></span></a></li>
    </ul>
  </div>
</div>
`;
