// Jest Snapshot v1, https://goo.gl/fbAQLP

exports[`Page: /:space/settings/ | Settings Index Page renders properly 1`] = `
<div>
  <form class="">
    <div class="header pb-6">
      <div class="container-fluid">
        <div class="header-body">
          <div class="d-flex justify-content-between align-items-center py-4">
            <h1 class="page-title"><span>Settings</span> <b>â€¢</b> Change Password</h1>
          </div>
        </div>
      </div>
    </div>
    <div class="container-fluid mt--6">
      <div class="row">
        <div class="col-md-6">
          <div class="card">
            <!---->
            <div class="card-body">
              <div class="row">
                <div class="form-group col-md-6"><label class="form-control-label">
                    Current Password
                  </label>
                  <div class="input-group has-label">
                    <!----> <input type="password" valid="true" required="required" id="currentPassword" placeholder="Current Password" class="form-control">
                    <!---->
                    <!---->
                    <!---->
                  </div>
                </div>
                <div class="form-group col-md-6"><label class="form-control-label">
                    New Password
                  </label>
                  <div class="input-group has-label">
                    <!----> <input type="password" valid="true" required="required" id="newPassword" placeholder="New Password" class="form-control">
                    <!---->
                    <!---->
                    <!---->
                  </div>
                </div>
                <div class="col-md-12"><button type="submit" class="btn btn-primary btn-block">Save</button></div>
              </div>
            </div>
            <!---->
            <!---->
          </div>
        </div>
      </div>
    </div>
  </form>
</div>
`;
