// Jest Snapshot v1, https://goo.gl/fbAQLP

exports[`Page: /:space/settings/rooms | Settings Room Page renders properly 1`] = `
<div>
  <form class="">
    <div class="header pb-6">
      <div class="container-fluid">
        <div class="header-body">
          <div class="d-flex justify-content-between align-items-center py-4">
            <h1 class="page-title"><span>Room</span> <b>â€¢</b> Setting</h1>
          </div>
        </div>
      </div>
    </div>
    <div class="container-fluid mt--6">
      <div class="row">
        <div class="col-md-6">
          <div class="card">
            <!---->
            <div class="card-body">
              <div class="row">
                <div class="form-group col-md-12"><label class="form-control-label">
                    Booking Interval
                  </label>
                  <div class="input-group has-label">
                    <!----> <input type="number" valid="true" required="required" placeholder="30" class="form-control">
                    <!---->
                    <!---->
                    <!---->
                  </div>
                </div>
                <div class="col-md-12"><button type="submit" class="btn btn-primary btn-block">Save</button></div>
              </div>
            </div>
            <!---->
            <!---->
          </div>
        </div>
      </div> <button type="button" class="btn text-primary mb-2 btn-transparent"><i class="fa fa-angle-left"></i> Back</button>
    </div>
  </form>
</div>
`;
