// Jest Snapshot v1, https://goo.gl/fbAQLP

exports[`Page: /:space/resources/booking | Booking Resource Page renders properly 1`] = `
<div>
  <div class="header pb-6">
    <div class="container-fluid">
      <div class="header-body">
        <div class="d-flex justify-content-between align-items-center py-4">
          <h1 class="page-title"><span>Bookings</span> <b>â€¢</b> Calendar</h1>
        </div>
      </div>
    </div>
  </div>
  <div class="container-fluid mt--6">
    <div class="card-deck flex-column flex-xl-row">
      <div class="card">
        <!---->
        <div class="card-body">
          <!---->
          <!---->
          <client-only-stub>
            <full-calendar-stub events="" views="[object Object]" right="dayGridMonth,timeGridWeek" time-zone="America/Los_Angeles" default-view="timeGridWeek"></full-calendar-stub>
          </client-only-stub>
        </div>
        <!---->
        <!---->
      </div>
    </div>
  </div>
</div>
`;
