// Jest Snapshot v1, https://goo.gl/fbAQLP

exports[`Page: /:space/memberships/add | Memberships Add Page renders properly 1`] = `
<div>
  <form class="">
    <div class="header pb-6">
      <div class="container-fluid">
        <div class="header-body">
          <div class="d-flex justify-content-between align-items-center py-4">
            <h1 class="page-title"><span>Members</span> <b>â€¢</b> Recently Active</h1> <button type="submit" class="btn btn-primary">Add Member</button>
          </div>
        </div>
      </div>
    </div>
    <div class="container-fluid mt--6">
      <div class="card-deck flex-column flex-xl-row">
        <div class="card">
          <!---->
          <div class="card-body">
            <div class="mr-30">
              <div class="row">
                <div class="col-md-7">
                  <div class="row">
                    <div class="col-md-5">
                      <h3 class="mb-4">Personal Details</h3>
                      <fieldset class="form-group" id="__BVID__9">
                        <legend tabindex="-1" class="bv-no-focus-ring col-form-label pt-0" id="__BVID__9__BV_label_">First Name</legend>
                        <div tabindex="-1" role="group" class="bv-no-focus-ring"><input id="firstName" type="text" placeholder="First Name" required="required" aria-required="true" class="form-control">
                          <!---->
                          <!---->
                          <!---->
                        </div>
                      </fieldset>
                      <fieldset class="form-group" id="__BVID__11">
                        <legend tabindex="-1" class="bv-no-focus-ring col-form-label pt-0" id="__BVID__11__BV_label_">Last Name</legend>
                        <div tabindex="-1" role="group" class="bv-no-focus-ring"><input id="lastName" type="text" placeholder="Last Name" required="required" aria-required="true" class="form-control">
                          <!---->
                          <!---->
                          <!---->
                        </div>
                      </fieldset>
                      <fieldset class="form-group" id="__BVID__13">
                        <legend tabindex="-1" class="bv-no-focus-ring col-form-label pt-0" id="__BVID__13__BV_label_">Email</legend>
                        <div tabindex="-1" role="group" class="bv-no-focus-ring"><input id="email" type="email" placeholder="you@somemail.com" required="required" autocomplete="Email" aria-required="true" class="form-control">
                          <!---->
                          <!---->
                          <!---->
                        </div>
                      </fieldset>
                      <div class="form-group"><label class="form-control-label">
                          Linkedin
                        </label>
                        <div class="input-group has-label">
                          <!----> <input type="url" valid="true" id="linkedinURL" placeholder="https://linkedin.com/in/someone" class="form-control">
                          <!---->
                          <!---->
                          <!---->
                        </div>
                      </div>
                      <fieldset class="form-group" id="__BVID__16">
                        <legend tabindex="-1" class="bv-no-focus-ring col-form-label pt-0" id="__BVID__16__BV_label_">Source of Invitation</legend>
                        <div tabindex="-1" role="group" class="bv-no-focus-ring"><select id="invitationSource" class="custom-select">
                            <option value="referral">Referral</option>
                            <option value="application">Application</option>
                          </select>
                          <!---->
                          <!---->
                          <!---->
                        </div>
                      </fieldset>
                      <fieldset class="form-group" id="__BVID__18">
                        <legend tabindex="-1" class="bv-no-focus-ring col-form-label pt-0" id="__BVID__18__BV_label_">Comments</legend>
                        <div tabindex="-1" role="group" class="bv-no-focus-ring"><textarea id="comments" placeholder="Comments to save on this member" rows="2" wrap="soft" class="form-control"></textarea>
                          <!---->
                          <!---->
                          <!---->
                        </div>
                      </fieldset>
                    </div>
                    <div class="col-md-1"></div>
                    <div class="col-md-5">
                      <h3 class="mb-4">Membership Details</h3>
                      <fieldset class="form-group" id="__BVID__20">
                        <legend tabindex="-1" class="bv-no-focus-ring col-form-label pt-0" id="__BVID__20__BV_label_">Membership Type</legend>
                        <div tabindex="-1" role="group" class="bv-no-focus-ring"><select id="memberType" class="custom-select">
                            <option value="0">Founding Member</option>
                            <option value="1">Fast Track</option>
                            <option value="2">Early Invite</option>
                            <option value="3">General Member</option>
                          </select>
                          <!---->
                          <!---->
                          <!---->
                        </div>
                      </fieldset>
                      <fieldset class="form-group" id="__BVID__22">
                        <legend tabindex="-1" class="bv-no-focus-ring col-form-label pt-0" id="__BVID__22__BV_label_">Region</legend>
                        <div tabindex="-1" role="group" class="bv-no-focus-ring"><select id="region" class="custom-select">
                            <option value="A">Bay Area</option>
                            <option value="B">US outside of the Bay</option>
                            <option value="C">EMEA</option>
                            <option value="D">APAC</option>
                          </select>
                          <!---->
                          <!---->
                          <!---->
                        </div>
                      </fieldset>
                      <fieldset class="form-group" id="__BVID__24">
                        <legend tabindex="-1" class="bv-no-focus-ring col-form-label pt-0" id="__BVID__24__BV_label_">Assigned Admin</legend>
                        <div tabindex="-1" role="group" class="bv-no-focus-ring">
                          <div class="el-select">
                            <!---->
                            <div class="el-input el-input--suffix">
                              <!----><input type="text" readonly="readonly" autocomplete="off" placeholder="Choose an admin" id="chooseAdmin" class="el-input__inner">
                              <!----><span class="el-input__suffix"><span class="el-input__suffix-inner"><i class="el-select__caret el-input__icon el-icon-"></i><!----><!----><!----><!----><!----></span>
                              <!----></span>
                              <!---->
                              <!---->
                            </div>
                            <div class="el-select-dropdown el-popper" style="display: none;">
                              <div class="el-scrollbar" style="display: none;">
                                <div class="el-select-dropdown__wrap el-scrollbar__wrap el-scrollbar__wrap--hidden-default">
                                  <ul class="el-scrollbar__view el-select-dropdown__list"></ul>
                                </div>
                                <div class="el-scrollbar__bar is-horizontal">
                                  <div class="el-scrollbar__thumb" style="transform: translateX(0%); webkit-transform: translateX(0%);"></div>
                                </div>
                                <div class="el-scrollbar__bar is-vertical">
                                  <div class="el-scrollbar__thumb" style="transform: translateY(0%); webkit-transform: translateY(0%);"></div>
                                </div>
                              </div>
                              <!---->
                            </div>
                          </div>
                          <!---->
                          <!---->
                          <!---->
                        </div>
                      </fieldset>
                      <fieldset class="form-group" id="__BVID__32">
                        <legend tabindex="-1" class="bv-no-focus-ring col-form-label pt-0" id="__BVID__32__BV_label_">Start Date</legend>
                        <div tabindex="-1" role="group" class="bv-no-focus-ring">
                          <client-only-stub>
                            <date-picker-stub id="startDate" width="100%" input-class="form-control" lang="en" format="YYYY-MM-DD" value-type="format" confirm="" type="date" placeholder="Start Date" value="2020-02-05 10:00:00"></date-picker-stub>
                          </client-only-stub>
                          <!---->
                          <!---->
                          <!---->
                        </div>
                      </fieldset>
                      <fieldset class="form-group" id="__BVID__35">
                        <legend tabindex="-1" class="bv-no-focus-ring col-form-label pt-0" id="__BVID__35__BV_label_">On Trial</legend>
                        <div tabindex="-1" role="group" class="bv-no-focus-ring">
                          <div class="custom-control custom-checkbox"><input id="isOnTrial" type="checkbox" autocomplete="off" class="custom-control-input" value="true"><label for="isOnTrial" class="custom-control-label">Yes</label></div>
                          <!---->
                          <!---->
                          <!---->
                        </div>
                      </fieldset>
                      <!---->
                      <fieldset class="form-group" id="__BVID__37">
                        <legend tabindex="-1" class="bv-no-focus-ring col-form-label pt-0" id="__BVID__37__BV_label_">Paid for</legend>
                        <div tabindex="-1" role="group" class="bv-no-focus-ring">
                          <div class="custom-control custom-checkbox"><input id="isPaidFor" type="checkbox" autocomplete="off" class="custom-control-input" value="true"><label for="isPaidFor" class="custom-control-label">Yes</label></div>
                          <!---->
                          <!---->
                          <!---->
                        </div>
                      </fieldset>
                      <!---->
                    </div>
                    <div class="col-md-1"></div>
                  </div>
                </div>
                <div class="col-md-5">
                  <h3 class="mb-4">Pick Membership Plan</h3>
                  <div role="tablist" class="sh-accordion" id="plan" value="3">
                    <div class="sh-accordion-item"><a block="" href="javascript:void(0)" class="d-flex justify-content-between not-collapsed" aria-expanded="true" aria-controls="accordion-3">
                        <div class="sh-acc-title">
                          Household Membership ($2,560.00 /yr) <i class="fa fa-angle-down"></i></div>
                        <div class="custom-control custom-radio"><input type="radio" name="plan" autocomplete="off" class="custom-control-input" value="3" id="__BVID__40"><label class="custom-control-label" for="__BVID__40">Select this plan</label></div>
                      </a>
                      <div id="accordion-3" class="collapse show" role="tabpanel">
                        For two members
                      </div>
                    </div>
                    <div class="sh-accordion-item"><a block="" href="javascript:void(0)" class="d-flex justify-content-between collapsed" aria-expanded="false" aria-controls="accordion-4">
                        <div class="sh-acc-title">
                          Admin Plan ($1.00 /yr) <i class="fa fa-angle-down"></i></div>
                        <div class="custom-control custom-radio"><input type="radio" name="plan" autocomplete="off" class="custom-control-input" value="4" id="__BVID__43"><label class="custom-control-label" for="__BVID__43">Select this plan</label></div>
                      </a>
                      <div id="accordion-4" class="collapse show collapsing" role="tabpanel" style="height: 0px; display: block;">
                        This plan is the admin
                      </div>
                    </div>
                  </div>
                  <div class="mr-t-20">
                    <ul class="pagination justify-content-center">
                      <li class="page-item prev-page disabled"><a aria-label="Previous" class="page-link"><span aria-hidden="true"><i aria-hidden="true" class="fa fa-angle-left"></i></span></a></li>
                      <li class="page-item active"><a class="page-link">1</a></li>
                      <li class="page-item next-page disabled"><a aria-label="Next" class="page-link"><span aria-hidden="true"><i aria-hidden="true" class="fa fa-angle-right"></i></span></a></li>
                    </ul>
                  </div>
                </div>
              </div>
            </div>
          </div>
          <!---->
          <!---->
        </div>
      </div>
    </div>
  </form>
</div>
`;
