// Jest Snapshot v1, https://goo.gl/fbAQLP

exports[`Page: /:space/events/categories/add | Events Categories Add Page renders properly 1`] = `
<div>
  <form class="">
    <div class="header pb-6">
      <div class="container-fluid">
        <div class="header-body">
          <div class="d-flex justify-content-between py-4">
            <h1 class="page-title"><span>Add New Categories</span> <b style="display: none;">â€¢</b> </h1>
          </div>
        </div>
      </div>
    </div>
    <div class="container-fluid mt--6">
      <div class="card-deck flex-column flex-xl-row">
        <div class="card">
          <!---->
          <div class="card-body">
            <h3 class="mr-b-20">New Category</h3>
            <div class="row">
              <div class="form-group col-md-3"><label class="form-control-label">
                  Name
                </label>
                <div class="input-group has-label">
                  <!----> <input type="text" valid="true" required="required" id="name" placeholder="Name of Category" class="form-control">
                  <!---->
                  <!---->
                  <!---->
                </div>
              </div>
              <div class="form-group col-md-3"><label class="form-control-label">
                  Color Tag
                </label>
                <div class="input-group has-label">
                  <!----> <input type="text" valid="true" required="required" id="color" placeholder="#4C4D4F" class="form-control">
                  <!---->
                  <!---->
                  <!---->
                </div>
              </div>
              <div class="form-group col-md-3"><label>&nbsp;</label> <br> <button outline="" type="submit" class="btn sh-dashbtn btn-secondary">Add This Category</button></div>
            </div>
            <div class="mr-tb-80">
              <div class="m-n25">
                <table class="table table-hover table-striped">
                  <tbody>
                    <tr>
                      <td><i class="fa fa-circle" style="color: rgb(131, 172, 12);"></i>
                        talks
                      </td>
                      <td>#83ac0c</td>
                    </tr>
                    <tr>
                      <td><i class="fa fa-circle" style="color: rgb(202, 54, 139);"></i>
                        meetups
                      </td>
                      <td>#ca368b</td>
                    </tr>
                  </tbody>
                </table>
              </div>
            </div>
          </div>
          <!---->
          <!---->
        </div>
      </div>
    </div>
  </form>
</div>
`;
