// Jest Snapshot v1, https://goo.gl/fbAQLP

exports[`Page: /:space/memberships/messages/create | Memberships Send Message Page renders properly 1`] = `
<div>
  <form class="">
    <div class="header pb-6">
      <div class="container-fluid">
        <div class="header-body">
          <div class="d-flex justify-content-between align-items-center py-4">
            <h1 class="page-title"><span>Messages</span> <b>â€¢</b> New</h1> <button type="submit" class="btn btn-primary"><i class="fa fa-paper-plane"></i> Send Email</button>
          </div>
        </div>
      </div>
    </div>
    <div class="container-fluid mt--6 mr-b-30">
      <div class="card-deck flex-column flex-xl-row">
        <div class="card">
          <!---->
          <div class="card-body">
            <div class="m-n25 sh-message-box">
              <table class="table">
                <tbody>
                  <tr>
                    <td>
                      <div class="form-group">
                        <!---->
                        <div class="input-group">
                          <!----> <span class="mr-r-10">To</span>
                          <div class="el-select" required="required">
                            <div class="el-select__tags" style="max-width: -32px; width: 100%;">
                              <!---->
                              <transition-group-stub></transition-group-stub><input type="text" autocomplete="off" class="el-select__input" style="flex-grow: 1; width: -0.625%; max-width: -42px;">
                            </div>
                            <div class="el-input el-input--suffix">
                              <!----><input tabindex="-1" type="text" readonly="readonly" autocomplete="off" placeholder="Add Member(s)" class="el-input__inner" style="height: 40px;">
                              <!----><span class="el-input__suffix"><span class="el-input__suffix-inner"><i class="el-select__caret el-input__icon el-icon-"></i><!----><!----><!----><!----><!----></span>
                              <!----></span>
                              <!---->
                              <!---->
                            </div>
                            <div class="el-select-dropdown el-popper is-multiple" style="display: none;">
                              <div class="el-scrollbar" style="">
                                <div class="el-select-dropdown__wrap el-scrollbar__wrap el-scrollbar__wrap--hidden-default">
                                  <ul class="el-scrollbar__view el-select-dropdown__list">
                                    <!---->
                                    <li class="el-select-dropdown__item"><span>Ashwin Ravichandran</span></li>
                                    <li class="el-select-dropdown__item"><span>Bubu Nyavor</span></li>
                                  </ul>
                                </div>
                                <div class="el-scrollbar__bar is-horizontal">
                                  <div class="el-scrollbar__thumb" style="transform: translateX(0%); webkit-transform: translateX(0%);"></div>
                                </div>
                                <div class="el-scrollbar__bar is-vertical">
                                  <div class="el-scrollbar__thumb" style="transform: translateY(0%); webkit-transform: translateY(0%);"></div>
                                </div>
                              </div>
                              <!---->
                            </div>
                          </div>
                          <!---->
                          <!---->
                          <!---->
                        </div>
                      </div>
                    </td>
                  </tr>
                  <tr>
                    <td>
                      <div class="form-inline"><label for="" class="mr-r-10">Subject</label> <input id="subject" type="text" placeholder="Add Subject for Email Here" required="required" class="fg-1 form-control"></div>
                    </td>
                  </tr>
                  <tr>
                    <td>
                      <div>
                        <client-only-stub>
                          <div value="" style="box-sizing: border-box; height: 300px;">
                            <div class="tui-editor-defaultUI">
                              <div class="te-toolbar-section">
                                <div class="te-markdown-tab-section" style="display: none;">
                                  <div class="te-tab"><button type="button" data-index="0" class="te-tab-active">Write</button><button type="button" data-index="1">Preview</button></div>
                                </div>
                                <div class="tui-editor-defaultUI-toolbar"><button class="tui-heading tui-toolbar-icons" type="button"></button><button class="tui-bold tui-toolbar-icons" type="button"></button><button class="tui-strike tui-toolbar-icons" type="button"></button>
                                  <div class="tui-toolbar-divider"></div><button class="tui-hrline tui-toolbar-icons" type="button"></button><button class="tui-quote tui-toolbar-icons" type="button"></button>
                                  <div class="tui-toolbar-divider"></div><button class="tui-ul tui-toolbar-icons" type="button"></button><button class="tui-ol tui-toolbar-icons" type="button"></button><button class="tui-task tui-toolbar-icons" type="button"></button><button class="tui-indent tui-toolbar-icons" type="button"></button><button class="tui-outdent tui-toolbar-icons" type="button"></button>
                                  <div class="tui-toolbar-divider"></div><button class="tui-table tui-toolbar-icons" type="button"></button><button class="tui-image tui-toolbar-icons" type="button"></button><button class="tui-link tui-toolbar-icons" type="button"></button>
                                  <div class="tui-toolbar-divider"></div><button class="tui-code tui-toolbar-icons" type="button"></button><button class="tui-codeblock tui-toolbar-icons" type="button"></button>
                                  <div class="tui-toolbar-divider" style="display: none;"></div><button class="tui-scrollsync active" type="button" style="display: none;"></button>
                                  <div class="tui-popup-wrapper te-dropdown-toolbar" style="display: none;">
                                    <div class="tui-popup-body">
                                      <div class="tui-editor-defaultUI-toolbar"></div>
                                    </div>
                                  </div>
                                  <div class="tui-popup-wrapper te-popup-add-table" style="display: none; position: absolute; width: 181px;">
                                    <div class="tui-popup-body">
                                      <div class="te-table-selection">
                                        <div class="te-table-header" style="height: 17px; width: 151px;"></div>
                                        <div class="te-table-body" style="height: 120px; width: 151px;"></div>
                                        <div class="te-selection-area"></div>
                                      </div>
                                      <p class="te-description"></p>
                                    </div>
                                  </div>
                                  <div class="tui-popup-wrapper te-heading-add" style="display: none; position: absolute;">
                                    <div class="tui-popup-body">
                                      <ul>
                                        <li data-value="1" data-type="Heading">
                                          <h1>Heading 1</h1>
                                        </li>
                                        <li data-value="2" data-type="Heading">
                                          <h2>Heading 2</h2>
                                        </li>
                                        <li data-value="3" data-type="Heading">
                                          <h3>Heading 3</h3>
                                        </li>
                                        <li data-value="4" data-type="Heading">
                                          <h4>Heading 4</h4>
                                        </li>
                                        <li data-value="5" data-type="Heading">
                                          <h5>Heading 5</h5>
                                        </li>
                                        <li data-value="6" data-type="Heading">
                                          <h6>Heading 6</h6>
                                        </li>
                                        <li data-type="Paragraph">
                                          <div>Paragraph</div>
                                        </li>
                                      </ul>
                                    </div>
                                  </div>
                                </div>
                              </div>
                              <div class="te-editor-section">
                                <div class="tui-editor te-ww-mode">
                                  <div class="te-md-container te-preview-style-tab">
                                    <div class="te-editor te-tab-active"><textarea style="display: none;"></textarea>
                                      <div class="CodeMirror cm-s-default CodeMirror-wrap" style="min-height: 300px;">
                                        <div style="overflow: hidden; position: relative; width: 3px; height: 0px;"><textarea style="position: absolute; bottom: -1em; padding: 0px; width: 1000px; height: 1em; outline: none;" autocorrect="off" autocapitalize="off" spellcheck="false" tabindex="0"></textarea></div>
                                        <div class="CodeMirror-vscrollbar" tabindex="-1" cm-not-content="true">
                                          <div style="min-width: 1px;"></div>
                                        </div>
                                        <div class="CodeMirror-hscrollbar" tabindex="-1" cm-not-content="true">
                                          <div style="height: 100%; min-height: 1px;"></div>
                                        </div>
                                        <div class="CodeMirror-scrollbar-filler" cm-not-content="true"></div>
                                        <div class="CodeMirror-gutter-filler" cm-not-content="true"></div>
                                        <div class="CodeMirror-scroll" tabindex="-1">
                                          <div class="CodeMirror-sizer" style="margin-left: 0px;">
                                            <div style="position: relative;">
                                              <div class="CodeMirror-lines" role="presentation">
                                                <div style="position: relative; outline: none;" role="presentation">
                                                  <div class="CodeMirror-measure"><pre class="CodeMirror-line-like"><span>xxxxxxxxxx</span></pre>
                                                  </div>
                                                  <div class="CodeMirror-measure"></div>
                                                  <div style="position: relative; z-index: 1;"></div>
                                                  <div class="CodeMirror-cursors"></div>
                                                  <div class="CodeMirror-code" role="presentation"></div>
                                                </div>
                                              </div>
                                            </div>
                                          </div>
                                          <div style="position: absolute; height: 50px; width: 1px;"></div>
                                          <div class="CodeMirror-gutters" style="display: none;"></div>
                                        </div>
                                      </div>
                                    </div>
                                    <div class="te-md-splitter"></div>
                                    <div class="te-preview" style="min-height: 300px;">
                                      <div class="tui-editor-contents"></div>
                                    </div>
                                  </div>
                                  <div class="te-ww-container">
                                    <div class="te-editor" style="position: relative;">
                                      <div contenteditable="true" class="tui-editor-contents tui-editor-contents-placeholder" style="min-height: 300px;"><br>
                                        <div><br></div>
                                      </div>
                                      <div class="te-ww-block-overlay code-block-header" style="position: absolute; display: none; z-index: 1;"><span>text</span><button type="button">Editor</button></div>
                                    </div>
                                  </div>
                                </div>
                              </div>
                              <div class="te-mode-switch-section" style="display: none;">
                                <div class="te-mode-switch"><button class="te-switch-button markdown" type="button">Markdown</button><button class="te-switch-button wysiwyg active" type="button">WYSIWYG</button></div>
                              </div>
                              <div class="tui-popup-wrapper te-popup-add-link tui-editor-popup" style="display: none;">
                                <div class="tui-popup-header">
                                  <span class="tui-popup-title">Insert link</span>
                                  <div class="tui-popup-header-buttons">
                                    <button type="button" class="tui-popup-close-button"></button>
                                  </div>
                                </div>
                                <div class="tui-popup-body">
                                  <label for="url">URL</label>
                                  <input type="text" class="te-url-input">
                                  <label for="linkText">Link text</label>
                                  <input type="text" class="te-link-text-input">
                                  <div class="te-button-section">
                                    <button type="button" class="te-ok-button">OK</button>
                                    <button type="button" class="te-close-button">Cancel</button>
                                  </div>
                                </div>
                              </div>
                              <div class="tui-popup-wrapper te-popup-add-image tui-editor-popup" style="display: none;">
                                <div class="tui-popup-header">
                                  <span class="tui-popup-title">Insert image</span>
                                  <div class="tui-popup-header-buttons">
                                    <button type="button" class="tui-popup-close-button"></button>
                                  </div>
                                </div>
                                <div class="tui-popup-body">
                                  <div class="te-tab-section">
                                    <div class="te-tab"><button type="button" data-index="0" class="te-tab-active">File</button><button type="button" data-index="1">URL</button></div>
                                  </div>
                                  <div class="te-url-type">
                                    <label for="">Image URL</label>
                                    <input type="text" class="te-image-url-input">
                                  </div>
                                  <div class="te-file-type te-tab-active">
                                    <label for="">Select image file</label>
                                    <input type="file" class="te-image-file-input" accept="image/*">
                                  </div>
                                  <label for="url">Description</label>
                                  <input type="text" class="te-alt-text-input">
                                  <div class="te-button-section">
                                    <button type="button" class="te-ok-button">OK</button>
                                    <button type="button" class="te-close-button">Cancel</button>
                                  </div>
                                </div>
                              </div>
                              <div class="tui-popup-wrapper te-popup-table-utils" style="display: none;">
                                <div class="tui-popup-body">
                                  <button type="button" class="te-table-add-row">Add row</button>
                                  <button type="button" class="te-table-add-col">Add col</button>
                                  <button type="button" class="te-table-remove-row">Remove row</button>
                                  <button type="button" class="te-table-remove-col">Remove col</button>
                                  <hr>
                                  <button type="button" class="te-table-col-align-left">Align left</button>
                                  <button type="button" class="te-table-col-align-center">Align center</button>
                                  <button type="button" class="te-table-col-align-right">Align right</button>
                                  <hr>
                                  <button type="button" class="te-table-remove">Remove table</button>
                                </div>
                              </div>
                              <div class="tui-popup-wrapper te-popup-code-block-languages" style="display: none; z-index: 10000;">
                                <div class="tui-popup-body"></div>
                              </div>
                              <div class="tui-popup-modal-background tui-popup-code-block-editor" style="display: none;">
                                <div class="tui-popup-wrapper">
                                  <div class="tui-popup-header">
                                    <span class="tui-popup-title">CodeBlock Editor<span class="te-input-language" style="display: none;"><input type="text" maxlength="20" placeholder="Choose language"></span></span>
                                    <div class="tui-popup-header-buttons">
                                      <button type="button" class="popup-editor-toggle-scroll active" style="display: inline-block;"></button>
                                      <button type="button" class="popup-editor-toggle-preview active"></button>
                                      <button type="button" class="popup-editor-toggle-fit"></button>
                                      <button type="button" class="tui-popup-close-button"></button>
                                    </div>
                                  </div>
                                  <div class="tui-popup-body">
                                    <div class="popup-editor-body">
                                      <div class="tui-split-scroll scroll-sync">
                                        <div class="tui-split-scroll-wrapper">
                                          <div class="tui-split-scroll-content">
                                            <div class="popup-editor-editor-wrapper tui-split-content-left"><textarea style="display: none;"></textarea>
                                              <div class="CodeMirror cm-s-default CodeMirror-wrap">
                                                <div style="overflow: hidden; position: relative; width: 3px; height: 0px;"><textarea style="position: absolute; bottom: -1em; padding: 0px; width: 1000px; height: 1em; outline: none;" autocorrect="off" autocapitalize="off" spellcheck="false" tabindex="0"></textarea></div>
                                                <div class="CodeMirror-vscrollbar" tabindex="-1" cm-not-content="true">
                                                  <div style="min-width: 1px;"></div>
                                                </div>
                                                <div class="CodeMirror-hscrollbar" tabindex="-1" cm-not-content="true">
                                                  <div style="height: 100%; min-height: 1px;"></div>
                                                </div>
                                                <div class="CodeMirror-scrollbar-filler" cm-not-content="true"></div>
                                                <div class="CodeMirror-gutter-filler" cm-not-content="true"></div>
                                                <div class="CodeMirror-scroll" tabindex="-1">
                                                  <div class="CodeMirror-sizer" style="margin-left: 0px;">
                                                    <div style="position: relative;">
                                                      <div class="CodeMirror-lines" role="presentation">
                                                        <div style="position: relative; outline: none;" role="presentation">
                                                          <div class="CodeMirror-measure"><pre class="CodeMirror-line-like"><span>xxxxxxxxxx</span></pre>
                                                          </div>
                                                          <div class="CodeMirror-measure"></div>
                                                          <div style="position: relative; z-index: 1;"></div>
                                                          <div class="CodeMirror-cursors"></div>
                                                          <div class="CodeMirror-code" role="presentation"></div>
                                                        </div>
                                                      </div>
                                                    </div>
                                                  </div>
                                                  <div style="position: absolute; height: 50px; width: 1px;"></div>
                                                  <div class="CodeMirror-gutters" style="display: none;"></div>
                                                </div>
                                              </div>
                                            </div>
                                            <div class="tui-split-content-right" style="top: 0px;">
                                              <div class="tui-editor-contents"></div>
                                            </div>
                                          </div>
                                          <div class="tui-splitter"></div>
                                        </div>
                                      </div>
                                    </div>
                                    <div class="te-button-section">
                                      <button type="button" class="te-ok-button">OK</button>
                                      <button type="button" class="te-close-button">Cancel</button>
                                    </div>
                                  </div>
                                </div>
                              </div>
                            </div>
                          </div>
                        </client-only-stub>
                      </div>
                    </td>
                  </tr>
                </tbody>
              </table>
            </div>
          </div>
          <!---->
          <!---->
        </div>
      </div> <a href="#" target="_self" class=""><i class="fa fa-angle-left mr-r-10"></i> Back</a>
    </div>
  </form>
</div>
`;
