// Jest Snapshot v1, https://goo.gl/fbAQLP

exports[`Page: /:space/tags/add | Tags Add Page renders properly 1`] = `
<div>
  <form class="">
    <div class="header pb-6">
      <div class="container-fluid">
        <div class="header-body">
          <div class="d-flex justify-content-between align-items-center py-4">
            <h1 class="page-title"><span>Setup Tag</span> <b style="display: none;">â€¢</b> </h1> <button type="submit" class="btn btn btn-primary text-white btn-secondary">Add Tag</button>
          </div>
        </div>
      </div>
    </div>
    <div class="container-fluid mt--6">
      <div class="card-deck flex-column flex-xl-row">
        <div class="card col-md-6">
          <!---->
          <div class="card-body">
            <h3 class="mr-b-20">Add New Tag</h3>
            <div class="row pd-r-20">
              <div class="form-group col-md-6"><label class="form-control-label">
                  Name of Tag
                </label>
                <div class="input-group has-label">
                  <!----> <input type="text" valid="true" required="required" placeholder="ux" class="form-control">
                  <!---->
                  <!---->
                  <!---->
                </div>
              </div>
              <div class="form-group col-md-6"><label class="form-control-label">
                  Tag Type
                </label>
                <div class="input-group has-label">
                  <!----> <input type="text" valid="true" required="required" placeholder="profile_interests" class="form-control">
                  <!---->
                  <!---->
                  <!---->
                </div>
              </div>
            </div>
          </div>
          <!---->
          <!---->
        </div>
      </div>
    </div>
  </form>
</div>
`;
